// Jest Snapshot v1, https://goo.gl/fbAQLP

exports[`testing snapshots of Mission components testing Mission component 1`] = `
<tr>
  <td />
  <td
    className="px-5"
  />
  <td
    className="align-middle"
  >
    <span
      className="fs-6 badge bg-secondary"
    >
      Not A Member
    </span>
  </td>
  <td
    className="align-middle"
  >
    <button
      className="fs-6 mx-3 text-nowrap btn btn-outline-secondary"
      disabled={false}
      onClick={[Function]}
      type="button"
    >
      Join Mission
    </button>
  </td>
</tr>
`;

exports[`testing snapshots of Mission components testing MissionsPage component 1`] = `
<div>
  <div
    className="table-responsive-sm"
  >
    <table
      className="missionTable table table-striped table-bordered table-hover"
    >
      <thead>
        <tr>
          <th>
            Mission
          </th>
          <th>
            Description
          </th>
          <th>
            Status
          </th>
          <th>
             
          </th>
        </tr>
      </thead>
      <tbody />
    </table>
  </div>
</div>
`;

exports[`testing snapshots of Mission components testing MissionsTable component 1`] = `
<div>
  <div
    className="table-responsive-sm"
  >
    <table
      className="missionTable table table-striped table-bordered table-hover"
    >
      <thead>
        <tr>
          <th>
            Mission
          </th>
          <th>
            Description
          </th>
          <th>
            Status
          </th>
          <th>
             
          </th>
        </tr>
      </thead>
      <tbody />
    </table>
  </div>
</div>
`;
